// Jest Snapshot v1, https://goo.gl/fbAQLP

exports[`<App /> renders correctly 1`] = `
<View
  style={
    Object {
      "alignItems": "center",
      "backgroundColor": "#fff",
      "flex": 1,
      "justifyContent": "center",
    }
  }
>
  <Text>
    Config
  </Text>
  <Text>
    Client type
  </Text>
  <View
    style={
      Object {
        "height": 50,
        "width": 100,
      }
    }
  >
    <RNCPicker
      items={
        Array [
          Object {
            "label": "Code Grant for Expo (dev app)",
            "textColor": undefined,
            "value": "2",
          },
          Object {
            "label": "Code Grant for Expo (web)",
            "textColor": undefined,
            "value": "3",
          },
          Object {
            "label": "Code Grant for Expo (standalone managed app)",
            "textColor": undefined,
            "value": "4",
          },
          Object {
            "label": "Password credential",
            "textColor": undefined,
            "value": "5",
          },
        ]
      }
      onChange={[Function]}
      selectedIndex={0}
      style={
        Array [
          Object {
            "height": 216,
          },
          undefined,
        ]
      }
    />
  </View>
  <Text>
    Client id
  </Text>
  <Text>
    2
  </Text>
  <Text>
    Redirect uri
  </Text>
  <Text>
    
  </Text>
  <Text>
    ---------------------------
  </Text>
  <Text>
    Authorization Code Grant with PKCE
  </Text>
  <View
    accessibilityRole="button"
    accessibilityState={Object {}}
    accessible={true}
    focusable={true}
    onClick={[Function]}
    onResponderGrant={[Function]}
    onResponderMove={[Function]}
    onResponderRelease={[Function]}
    onResponderTerminate={[Function]}
    onResponderTerminationRequest={[Function]}
    onStartShouldSetResponder={[Function]}
    style={
      Object {
        "opacity": 1,
      }
    }
  >
    <View
      style={
        Array [
          Object {},
        ]
      }
    >
      <Text
        style={
          Array [
            Object {
              "color": "#007AFF",
              "fontSize": 18,
              "margin": 8,
              "textAlign": "center",
            },
          ]
        }
      >
        Authorize 1
      </Text>
    </View>
  </View>
  <View
    accessibilityRole="button"
    accessibilityState={Object {}}
    accessible={true}
    focusable={true}
    onClick={[Function]}
    onResponderGrant={[Function]}
    onResponderMove={[Function]}
    onResponderRelease={[Function]}
    onResponderTerminate={[Function]}
    onResponderTerminationRequest={[Function]}
    onStartShouldSetResponder={[Function]}
    style={
      Object {
        "opacity": 1,
      }
    }
  >
    <View
      style={
        Array [
          Object {},
        ]
      }
    >
      <Text
        style={
          Array [
            Object {
              "color": "#007AFF",
              "fontSize": 18,
              "margin": 8,
              "textAlign": "center",
            },
          ]
        }
      >
        Authorize 2
      </Text>
    </View>
  </View>
  <Text>
    ---------------------------
  </Text>
  <Text>
    Password Grant
  </Text>
  <Text>
    User
  </Text>
  <Text>
    Password
  </Text>
  <View
    accessibilityRole="button"
    accessibilityState={Object {}}
    accessible={true}
    focusable={true}
    onClick={[Function]}
    onResponderGrant={[Function]}
    onResponderMove={[Function]}
    onResponderRelease={[Function]}
    onResponderTerminate={[Function]}
    onResponderTerminationRequest={[Function]}
    onStartShouldSetResponder={[Function]}
    style={
      Object {
        "opacity": 1,
      }
    }
  >
    <View
      style={
        Array [
          Object {},
        ]
      }
    >
      <Text
        style={
          Array [
            Object {
              "color": "#007AFF",
              "fontSize": 18,
              "margin": 8,
              "textAlign": "center",
            },
          ]
        }
      >
        Login
      </Text>
    </View>
  </View>
  <Text>
    ---------------------------
  </Text>
  <Text>
    Authorization code (solo per auth code grant)
  </Text>
  <Text>
    .
  </Text>
  <Text>
    Access token
  </Text>
  <Text>
    .
  </Text>
  <Text>
    Api response
  </Text>
  <Text>
    .
  </Text>
</View>
`;
